 OpenAL32

 Timestamp is 3d6c02ca (Tue Aug 27 15:52:58 2002)

 Preferred load address is 00400000

 Start         Length     Name                   Class
 0001:00000000 000000e8H .idata$5                CODE
 0001:000000f0 00000a68H .rdata                  CODE
 0001:00000b58 0000005eH .rdata$debug            CODE
 0001:00000bc0 0000e258H .text                   CODE
 0001:0000ee18 00000064H .idata$2                CODE
 0001:0000ee7c 00000014H .idata$3                CODE
 0001:0000ee90 000000e8H .idata$4                CODE
 0001:0000ef78 000003b4H .idata$6                CODE
 0001:0000f330 000006f1H .edata                  CODE
 0002:00000000 00000320H .data                   DATA
 0002:00000320 000bb830H .bss                    DATA
 0003:00000000 00000058H .rsrc$01                DATA
 0003:00000060 00000320H .rsrc$02                DATA

  Address         Publics by Value              Rva+Base     Lib:Object

 0000:00000000       __except_list              00000000     <absolute>
 0000:00009876       __ldused                   00009876     <absolute>
 0000:00009876       __fltused                  00009876     <absolute>
 0001:00000000       __imp__FreeLibrary@4       00401000     kernel32:KERNEL32.dll
 0001:00000004       __imp__FindNextFileA@8     00401004     kernel32:KERNEL32.dll
 0001:00000008       __imp__GetLastError@0      00401008     kernel32:KERNEL32.dll
 0001:0000000c       __imp__FindClose@4         0040100c     kernel32:KERNEL32.dll
 0001:00000010       __imp__WaitForSingleObjectEx@12 00401010     kernel32:KERNEL32.dll
 0001:00000014       __imp__GetCurrentDirectoryA@8 00401014     kernel32:KERNEL32.dll
 0001:00000018       __imp__GetModuleFileNameA@12 00401018     kernel32:KERNEL32.dll
 0001:0000001c       __imp__GetSystemDirectoryA@8 0040101c     kernel32:KERNEL32.dll
 0001:00000020       __imp__GetModuleHandleA@4  00401020     kernel32:KERNEL32.dll
 0001:00000024       __imp__FindFirstFileA@8    00401024     kernel32:KERNEL32.dll
 0001:00000028       __imp__DebugBreak@0        00401028     kernel32:KERNEL32.dll
 0001:0000002c       __imp__OutputDebugStringA@4 0040102c     kernel32:KERNEL32.dll
 0001:00000030       __imp__EnterCriticalSection@4 00401030     kernel32:KERNEL32.dll
 0001:00000034       __imp__InitializeCriticalSection@4 00401034     kernel32:KERNEL32.dll
 0001:00000038       __imp__DeleteCriticalSection@4 00401038     kernel32:KERNEL32.dll
 0001:0000003c       __imp__LeaveCriticalSection@4 0040103c     kernel32:KERNEL32.dll
 0001:00000040       __imp__IsBadWritePtr@8     00401040     kernel32:KERNEL32.dll
 0001:00000044       __imp__IsBadReadPtr@8      00401044     kernel32:KERNEL32.dll
 0001:00000048       __imp__ExitThread@4        00401048     kernel32:KERNEL32.dll
 0001:0000004c       __imp__SetEvent@4          0040104c     kernel32:KERNEL32.dll
 0001:00000050       __imp__GetTickCount@0      00401050     kernel32:KERNEL32.dll
 0001:00000054       __imp__GetProcAddress@8    00401054     kernel32:KERNEL32.dll
 0001:00000058       __imp__CloseHandle@4       00401058     kernel32:KERNEL32.dll
 0001:0000005c       __imp__CreateThread@24     0040105c     kernel32:KERNEL32.dll
 0001:00000060       __imp__CreateEventA@16     00401060     kernel32:KERNEL32.dll
 0001:00000064       __imp__LoadLibraryA@4      00401064     kernel32:KERNEL32.dll
 0001:00000068       \177KERNEL32_NULL_THUNK_DATA 00401068     kernel32:KERNEL32.dll
 0001:0000006c       __imp__PostThreadMessageA@16 0040106c     user32:USER32.dll
 0001:00000070       __imp__GetForegroundWindow@0 00401070     user32:USER32.dll
 0001:00000074       __imp__GetMessageA@16      00401074     user32:USER32.dll
 0001:00000078       \177USER32_NULL_THUNK_DATA 00401078     user32:USER32.dll
 0001:0000007c       __imp__waveOutUnprepareHeader@12 0040107c     winmm:WINMM.dll
 0001:00000080       __imp__timeEndPeriod@4     00401080     winmm:WINMM.dll
 0001:00000084       __imp__waveOutReset@4      00401084     winmm:WINMM.dll
 0001:00000088       __imp__timeGetDevCaps@8    00401088     winmm:WINMM.dll
 0001:0000008c       __imp__timeBeginPeriod@4   0040108c     winmm:WINMM.dll
 0001:00000090       __imp__timeSetEvent@20     00401090     winmm:WINMM.dll
 0001:00000094       __imp__waveOutOpen@24      00401094     winmm:WINMM.dll
 0001:00000098       __imp__waveOutPrepareHeader@12 00401098     winmm:WINMM.dll
 0001:0000009c       __imp__waveOutClose@4      0040109c     winmm:WINMM.dll
 0001:000000a0       __imp__waveOutWrite@12     004010a0     winmm:WINMM.dll
 0001:000000a4       __imp__timeKillEvent@4     004010a4     winmm:WINMM.dll
 0001:000000a8       \177WINMM_NULL_THUNK_DATA  004010a8     winmm:WINMM.dll
 0001:000000ac       __imp__free                004010ac     msvcrt:msvcrt.dll
 0001:000000b0       __imp__malloc              004010b0     msvcrt:msvcrt.dll
 0001:000000b4       __imp___ftol               004010b4     msvcrt:msvcrt.dll
 0001:000000b8       __imp___CIsqrt             004010b8     msvcrt:msvcrt.dll
 0001:000000bc       __imp___CIacos             004010bc     msvcrt:msvcrt.dll
 0001:000000c0       __imp___CIlog10            004010c0     msvcrt:msvcrt.dll
 0001:000000c4       __imp___splitpath          004010c4     msvcrt:msvcrt.dll
 0001:000000c8       __imp___mbsicmp            004010c8     msvcrt:msvcrt.dll
 0001:000000cc       __imp__realloc             004010cc     msvcrt:msvcrt.dll
 0001:000000d0       __imp__sprintf             004010d0     msvcrt:msvcrt.dll
 0001:000000d4       \177msvcrt_NULL_THUNK_DATA 004010d4     msvcrt:msvcrt.dll
 0001:000000d8       __imp__CoInitialize@4      004010d8     ole32:ole32.dll
 0001:000000dc       __imp__CoCreateInstance@20 004010dc     ole32:ole32.dll
 0001:000000e0       __imp__CoUninitialize@0    004010e0     ole32:ole32.dll
 0001:000000e4       \177ole32_NULL_THUNK_DATA  004010e4     ole32:ole32.dll
 0001:0000010c       ??_C@_0CE@BJJMAEBO@Assert?5failed?5in?5file?5?$CFs?0?5line?5?$CF@ 0040110c     allist.obj
 0001:00000130       ??_C@_0DG@MIHBNMJN@c?3?2sw?2main?2drivers?2audio?2sdk?2ope@ 00401130     allist.obj
 0001:00000168       ??_C@_01EEMJAFIK@?6?$AA@   00401168     allist.obj
 0001:0000016c       _DSPROPSETID_EAX20_ListenerProperties 0040116c     aleax.obj
 0001:0000017c       _DSPROPSETID_EAX20_BufferProperties 0040117c     aleax.obj
 0001:0000018c       ??_C@_0BM@OJDCLOFE@AL_INVERSE_DISTANCE_CLAMPED?$AA@ 0040118c     alextension.obj
 0001:000001a8       ??_C@_0BE@CIGHEFNP@AL_INVERSE_DISTANCE?$AA@ 004011a8     alextension.obj
 0001:000001bc       ??_C@_0BC@PEEHLFOA@AL_DISTANCE_MODEL?$AA@ 004011bc     alextension.obj
 0001:000001d0       ??_C@_0BE@ELEECACH@AL_DOPPLER_VELOCITY?$AA@ 004011d0     alextension.obj
 0001:000001e4       ??_C@_0BC@BOEGHNDH@AL_DOPPLER_FACTOR?$AA@ 004011e4     alextension.obj
 0001:000001f8       ??_C@_0O@DLBNHKAD@AL_EXTENSIONS?$AA@ 004011f8     alextension.obj
 0001:00000208       ??_C@_0M@JEOBHCI@AL_RENDERER?$AA@ 00401208     alextension.obj
 0001:00000214       ??_C@_0L@OCHMOCAM@AL_VERSION?$AA@ 00401214     alextension.obj
 0001:00000220       ??_C@_09MGMDHBFF@AL_VENDOR?$AA@ 00401220     alextension.obj
 0001:0000022c       ??_C@_0BC@LDMEBPOO@ALC_INVALID_VALUE?$AA@ 0040122c     alextension.obj
 0001:00000240       ??_C@_0BB@EKBMIIEF@ALC_INVALID_ENUM?$AA@ 00401240     alextension.obj
 0001:00000254       ??_C@_0BE@OFEBELKC@ALC_INVALID_CONTEXT?$AA@ 00401254     alextension.obj
 0001:00000268       ??_C@_0BD@JFMNGEGH@ALC_INVALID_DEVICE?$AA@ 00401268     alextension.obj
 0001:0000027c       ??_C@_0N@BODFANPF@ALC_NO_ERROR?$AA@ 0040127c     alextension.obj
 0001:0000028c       ??_C@_0BB@DLCNKNGA@AL_OUT_OF_MEMORY?$AA@ 0040128c     alextension.obj
 0001:000002a0       ??_C@_0BF@CDOLKCEN@AL_INVALID_OPERATION?$AA@ 004012a0     alextension.obj
 0001:000002b8       ??_C@_0BB@NELLCDLH@AL_INVALID_VALUE?$AA@ 004012b8     alextension.obj
 0001:000002cc       ??_C@_0BA@OIGKBNNO@AL_INVALID_ENUM?$AA@ 004012cc     alextension.obj
 0001:000002dc       ??_C@_0BA@BNDFEEFJ@AL_INVALID_NAME?$AA@ 004012dc     alextension.obj
 0001:000002ec       ??_C@_0M@HNIDABO@AL_NO_ERROR?$AA@ 004012ec     alextension.obj
 0001:000002f8       ??_C@_0P@NOPPAFNI@ALC_EXTENSIONS?$AA@ 004012f8     alextension.obj
 0001:00000308       ??_C@_0BF@BGOOIAOB@ALC_DEVICE_SPECIFIER?$AA@ 00401308     alextension.obj
 0001:00000320       ??_C@_0BN@GGDCIKOA@ALC_DEFAULT_DEVICE_SPECIFIER?$AA@ 00401320     alextension.obj
 0001:00000340       ??_C@_0BD@HPEOOPCD@ALC_ALL_ATTRIBUTES?$AA@ 00401340     alextension.obj
 0001:00000354       ??_C@_0BE@KKBHAGIH@ALC_ATTRIBUTES_SIZE?$AA@ 00401354     alextension.obj
 0001:00000368       ??_C@_0BC@NANONAHE@ALC_MINOR_VERSION?$AA@ 00401368     alextension.obj
 0001:0000037c       ??_C@_0BC@IJNLDIGG@ALC_MAJOR_VERSION?$AA@ 0040137c     alextension.obj
 0001:00000390       ??_C@_07NJFHODD@AL_DATA?$AA@ 00401390     alextension.obj
 0001:00000398       ??_C@_07HEBDPFEA@AL_SIZE?$AA@ 00401398     alextension.obj
 0001:000003a0       ??_C@_0M@NCPHFDLN@AL_CHANNELS?$AA@ 004013a0     alextension.obj
 0001:000003ac       ??_C@_07DPJFNDKP@AL_BITS?$AA@ 004013ac     alextension.obj
 0001:000003b4       ??_C@_0N@MLFOKGKK@AL_FREQUENCY?$AA@ 004013b4     alextension.obj
 0001:000003c4       ??_C@_0BD@FDANDPBM@AL_FORMAT_STEREO16?$AA@ 004013c4     alextension.obj
 0001:000003d8       ??_C@_0BC@KANEACCC@AL_FORMAT_STEREO8?$AA@ 004013d8     alextension.obj
 0001:000003ec       ??_C@_0BB@NALEELNF@AL_FORMAT_MONO16?$AA@ 004013ec     alextension.obj
 0001:00000400       ??_C@_0BA@MKCFAMDF@AL_FORMAT_MONO8?$AA@ 00401400     alextension.obj
 0001:00000410       ??_C@_0BF@MNIOLCHK@AL_BUFFERS_PROCESSED?$AA@ 00401410     alextension.obj
 0001:00000428       ??_C@_0BC@MKHHIOHH@AL_BUFFERS_QUEUED?$AA@ 00401428     alextension.obj
 0001:0000043c       ??_C@_0L@EJLEGFMO@AL_STOPPED?$AA@ 0040143c     alextension.obj
 0001:00000448       ??_C@_09PFHDPPMN@AL_PAUSED?$AA@ 00401448     alextension.obj
 0001:00000454       ??_C@_0L@KOHJBHLC@AL_PLAYING?$AA@ 00401454     alextension.obj
 0001:00000460       ??_C@_0L@KGHJPELB@AL_INITIAL?$AA@ 00401460     alextension.obj
 0001:0000046c       ??_C@_0BA@POBJFBCN@AL_SOURCE_STATE?$AA@ 0040146c     alextension.obj
 0001:0000047c       ??_C@_0BA@GHMCHBPF@AL_MAX_DISTANCE?$AA@ 0040147c     alextension.obj
 0001:0000048c       ??_C@_0BD@KNEAHCCF@AL_CONE_OUTER_GAIN?$AA@ 0040148c     alextension.obj
 0001:000004a0       ??_C@_0BC@NMIIEHKJ@AL_ROLLOFF_FACTOR?$AA@ 004014a0     alextension.obj
 0001:000004b4       ??_C@_0BG@OHLALDBG@AL_REFERENCE_DISTANCE?$AA@ 004014b4     alextension.obj
 0001:000004cc       ??_C@_0P@JLCPOMCL@AL_ORIENTATION?$AA@ 004014cc     alextension.obj
 0001:000004dc       ??_C@_0M@EEGDMAPG@AL_MAX_GAIN?$AA@ 004014dc     alextension.obj
 0001:000004e8       ??_C@_0M@JDIIHCLH@AL_MIN_GAIN?$AA@ 004014e8     alextension.obj
 0001:000004f4       ??_C@_07NJFDCIAP@AL_GAIN?$AA@ 004014f4     alextension.obj
 0001:000004fc       ??_C@_09MBGKMNIP@AL_BUFFER?$AA@ 004014fc     alextension.obj
 0001:00000508       ??_C@_0L@IDJPCKEK@AL_LOOPING?$AA@ 00401508     alextension.obj
 0001:00000514       ??_C@_0M@FPLCJCHM@AL_VELOCITY?$AA@ 00401514     alextension.obj
 0001:00000520       ??_C@_0N@BNJADACL@AL_DIRECTION?$AA@ 00401520     alextension.obj
 0001:00000530       ??_C@_0M@DNJHHLJB@AL_POSITION?$AA@ 00401530     alextension.obj
 0001:0000053c       ??_C@_08CMMOOOEH@AL_PITCH?$AA@ 0040153c     alextension.obj
 0001:00000548       ??_C@_0BE@HBPFPIOE@AL_CONE_OUTER_ANGLE?$AA@ 00401548     alextension.obj
 0001:0000055c       ??_C@_0BE@CDJDAPKK@AL_CONE_INNER_ANGLE?$AA@ 0040155c     alextension.obj
 0001:00000570       ??_C@_0BD@DMFLIGEB@AL_SOURCE_RELATIVE?$AA@ 00401570     alextension.obj
 0001:00000584       ??_C@_07NCCHPCAD@AL_NONE?$AA@ 00401584     alextension.obj
 0001:0000058c       ??_C@_0M@IMOGONBJ@ALC_INVALID?$AA@ 0040158c     alextension.obj
 0001:00000598       ??_C@_06GEDADCOJ@EAXSet?$AA@ 00401598     alextension.obj
 0001:000005a0       ??_C@_06LLELPCCB@EAXGet?$AA@ 004015a0     alextension.obj
 0001:000005a8       ??_C@_06PHAEKKP@EAX2?40?$AA@ 004015a8     alextension.obj
 0001:000005b0       ??_C@_03HBELLIEH@EAX?$AA@  004015b0     alextension.obj
 0001:000005b4       __real@00000000            004015b4     allistener.obj
 0001:000005b8       __real@3f800000            004015b8     alsource.obj
 0001:000005bc       __real@43b40000            004015bc     alsource.obj
 0001:000005c0       __real@40000000            004015c0     alsource.obj
 0001:000005c8       __real@4338000000000000    004015c8     alu.obj
 0001:000005d0       __real@3fe0000000000000    004015d0     alu.obj
 0001:000005d8       __real@3fd999999999999a    004015d8     alu.obj
 0001:000005e0       __real@3ff0000000000000    004015e0     alu.obj
 0001:000005e8       __real@43ab8000            004015e8     alu.obj
 0001:000005f0       __real@400921fb60000000    004015f0     alu.obj
 0001:000005f8       __real@4066800000000000    004015f8     alu.obj
 0001:00000600       __real@46800000            00401600     alu.obj
 0001:00000608       __real@409f400000000000    00401608     alc.obj
 0001:00000610       __real@43aba666            00401610     alc.obj
 0001:00000614       ??_C@_0BA@OKMIKPCF@alcGetEnumValue?$AA@ 00401614     alc.obj
 0001:00000624       ??_C@_0BC@EOBDDHNB@alcGetProcAddress?$AA@ 00401624     alc.obj
 0001:00000638       ??_C@_0BG@BCKLMDNF@alcIsExtensionPresent?$AA@ 00401638     alc.obj
 0001:00000650       ??_C@_0M@COCPEBFM@alcGetError?$AA@ 00401650     alc.obj
 0001:0000065c       ??_C@_0BC@CNCJIPPP@alcDestroyContext?$AA@ 0040165c     alc.obj
 0001:00000670       ??_C@_0BC@KCHOAHOJ@alcSuspendContext?$AA@ 00401670     alc.obj
 0001:00000684       ??_C@_0BF@LCJOALEE@alcGetContextsDevice?$AA@ 00401684     alc.obj
 0001:0000069c       ??_C@_0BF@LMCHOLFM@alcGetCurrentContext?$AA@ 0040169c     alc.obj
 0001:000006b4       ??_C@_0BC@JJAEMCJN@alcProcessContext?$AA@ 004016b4     alc.obj
 0001:000006c8       ??_C@_0BG@EDPBABLE@alcMakeContextCurrent?$AA@ 004016c8     alc.obj
 0001:000006e0       ??_C@_0BB@NJPHBINK@alcCreateContext?$AA@ 004016e0     alc.obj
 0001:000006f4       ??_C@_0BE@HPKKKIDA@alcEnumerateDevices?$AA@ 004016f4     alc.obj
 0001:00000708       ??_C@_0P@CANICNLE@alcCloseDevice?$AA@ 00401708     alc.obj
 0001:00000718       ??_C@_0O@BOKFKDBH@alcOpenDevice?$AA@ 00401718     alc.obj
 0001:00000728       ??_C@_0P@KCJGCIEG@alcGetIntegerv?$AA@ 00401728     alc.obj
 0001:00000738       ??_C@_0N@KKEPIANP@alcGetString?$AA@ 00401738     alc.obj
 0001:00000748       ??_C@_0BC@CNMLHGNC@alDopplerVelocity?$AA@ 00401748     alc.obj
 0001:0000075c       ??_C@_0BA@JLDMGHEG@alDopplerFactor?$AA@ 0040175c     alc.obj
 0001:0000076c       ??_C@_0BA@PJCANLOK@alDistanceModel?$AA@ 0040176c     alc.obj
 0001:0000077c       ??_C@_0BH@IMEDFEGJ@alSourceUnqueueBuffers?$AA@ 0040177c     alc.obj
 0001:00000794       ??_C@_0BF@MMDJDGAM@alSourceQueueBuffers?$AA@ 00401794     alc.obj
 0001:000007ac       ??_C@_0N@BOFJOJDG@alGetBufferf?$AA@ 004017ac     alc.obj
 0001:000007bc       ??_C@_0N@JJMBPFPJ@alGetBufferi?$AA@ 004017bc     alc.obj
 0001:000007cc       ??_C@_0N@DHJMBPMC@alBufferData?$AA@ 004017cc     alc.obj
 0001:000007dc       ??_C@_0L@ENEGAAJF@alIsBuffer?$AA@ 004017dc     alc.obj
 0001:000007e8       ??_C@_0BA@GPEKGKGK@alDeleteBuffers?$AA@ 004017e8     alc.obj
 0001:000007f8       ??_C@_0N@BAACMHMN@alGenBuffers?$AA@ 004017f8     alc.obj
 0001:00000808       ??_C@_0P@LJBMMGND@alSourceRewind?$AA@ 00401808     alc.obj
 0001:00000818       ??_C@_0N@IOHKNACK@alSourceStop?$AA@ 00401818     alc.obj
 0001:00000828       ??_C@_0O@NAMJEPBK@alSourcePause?$AA@ 00401828     alc.obj
 0001:00000838       ??_C@_0N@IHCLEDMJ@alSourcePlay?$AA@ 00401838     alc.obj
 0001:00000848       ??_C@_0BA@GGAGEBNI@alSourceRewindv?$AA@ 00401848     alc.obj
 0001:00000858       ??_C@_0O@KCFAGNHG@alSourceStopv?$AA@ 00401858     alc.obj
 0001:00000868       ??_C@_0P@IENHOOEF@alSourcePausev?$AA@ 00401868     alc.obj
 0001:00000878       ??_C@_0O@JLFKIPCH@alSourcePlayv?$AA@ 00401878     alc.obj
 0001:00000888       ??_C@_0O@GMPODFIJ@alGetSourcefv?$AA@ 00401888     alc.obj
 0001:00000898       ??_C@_0O@EMELMLID@alGetSource3f?$AA@ 00401898     alc.obj
 0001:000008a8       ??_C@_0N@EBMGLAFN@alGetSourcef?$AA@ 004018a8     alc.obj
 0001:000008b8       ??_C@_0N@MGFOKMJC@alGetSourcei?$AA@ 004018b8     alc.obj
 0001:000008c8       ??_C@_0L@JDACBMLJ@alSourcefv?$AA@ 004018c8     alc.obj
 0001:000008d4       ??_C@_0L@LDLHOCLD@alSource3f?$AA@ 004018d4     alc.obj
 0001:000008e0       ??_C@_09LCIFPAIE@alSourcef?$AA@ 004018e0     alc.obj
 0001:000008ec       ??_C@_09DFBNOMEL@alSourcei?$AA@ 004018ec     alc.obj
 0001:000008f8       ??_C@_0L@NHJHGDKM@alIsSource?$AA@ 004018f8     alc.obj
 0001:00000904       ??_C@_0BA@DANFDDAB@alDeleteSources?$AA@ 00401904     alc.obj
 0001:00000914       ??_C@_0N@EPJNJOKG@alGenSources?$AA@ 00401914     alc.obj
 0001:00000924       ??_C@_0BA@MNHNPKAE@alGetListenerfv?$AA@ 00401924     alc.obj
 0001:00000934       ??_C@_0BA@ONMIAEAO@alGetListener3f?$AA@ 00401934     alc.obj
 0001:00000944       ??_C@_0P@BDJKEDPM@alGetListenerf?$AA@ 00401944     alc.obj
 0001:00000954       ??_C@_0P@JEACFPDD@alGetListeneri?$AA@ 00401954     alc.obj
 0001:00000964       ??_C@_0N@FAIJKLGH@alListenerfv?$AA@ 00401964     alc.obj
 0001:00000974       ??_C@_0N@HADMFFGN@alListener3f?$AA@ 00401974     alc.obj
 0001:00000984       ??_C@_0M@DFLMIPHJ@alListenerf?$AA@ 00401984     alc.obj
 0001:00000990       ??_C@_0M@LCCEJDLG@alListeneri?$AA@ 00401990     alc.obj
 0001:0000099c       ??_C@_0P@OMBDDNHL@alGetEnumValue?$AA@ 0040199c     alc.obj
 0001:000009ac       ??_C@_0BB@HECKLDLI@alGetProcAddress?$AA@ 004019ac     alc.obj
 0001:000009c0       ??_C@_0BF@HKDBJMAI@alIsExtensionPresent?$AA@ 004019c0     alc.obj
 0001:000009d8       ??_C@_0L@LHBFAADC@alGetError?$AA@ 004019d8     alc.obj
 0001:000009e4       ??_C@_0M@NMPGMB@alGetString?$AA@ 004019e4     alc.obj
 0001:000009f0       ??_C@_0N@EFPJBNOK@alGetDoublev?$AA@ 004019f0     alc.obj
 0001:00000a00       ??_C@_0M@MFBDLLDE@alGetFloatv?$AA@ 00401a00     alc.obj
 0001:00000a0c       ??_C@_0O@MPLBGJAD@alGetIntegerv?$AA@ 00401a0c     alc.obj
 0001:00000a1c       ??_C@_0O@CDAGPAJP@alGetBooleanv?$AA@ 00401a1c     alc.obj
 0001:00000a2c       ??_C@_0M@JPCHELCE@alGetDouble?$AA@ 00401a2c     alc.obj
 0001:00000a38       ??_C@_0L@BAOGFOLB@alGetFloat?$AA@ 00401a38     alc.obj
 0001:00000a44       ??_C@_0N@LCJKEODP@alGetInteger?$AA@ 00401a44     alc.obj
 0001:00000a54       ??_C@_0N@GGPBPEPO@alGetBoolean?$AA@ 00401a54     alc.obj
 0001:00000a64       ??_C@_0M@GCEBCCEC@alIsEnabled?$AA@ 00401a64     alc.obj
 0001:00000a70       ??_C@_09MKHCPMOK@alDisable?$AA@ 00401a70     alc.obj
 0001:00000a7c       ??_C@_08JNFNDDGF@alEnable?$AA@ 00401a7c     alc.obj
 0001:00000a88       ??_C@_0BH@CBPHODPE@WaveOutThreadDestroyed?$AA@ 00401a88     alc.obj
 0001:00000aa0       ??_C@_0BK@BODABJMM@WaveOutAllHeadersReturned?$AA@ 00401aa0     alc.obj
 0001:00000abc       ??_C@_0N@OEILGHCO@?$CKOpenAL?$CK?4dll?$AA@ 00401abc     alc.obj
 0001:00000acc       ??_C@_0N@IFEDEMPP@OpenAL32?4dll?$AA@ 00401acc     alc.obj
 0001:00000adc       ??_C@_01KICIPPFI@?2?$AA@   00401adc     alc.obj
 0001:00000ae0       ??_C@_08LFFFCBKF@MMSYSTEM?$AA@ 00401ae0     alc.obj
 0001:00000aec       ??_C@_0M@LAJMFNGO@DirectSound?$AA@ 00401aec     alc.obj
 0001:00000af8       ??_C@_0O@FMJMAKDE@DirectSound3D?$AA@ 00401af8     alc.obj
 0001:00000b08       _IID_IKsPropertySet        00401b08     dxguid:dxguid.obj
 0001:00000b18       _IID_IDirectSound3DBuffer  00401b18     dxguid:dxguid.obj
 0001:00000b28       _IID_IDirectSound3DListener 00401b28     dxguid:dxguid.obj
 0001:00000b38       _IID_IDirectSound          00401b38     dxguid:dxguid.obj
 0001:00000b48       _CLSID_DirectSound         00401b48     dxguid:dxguid.obj
 0001:00000bc0       _alListAddEntry@8          00401bc0 f   allist.obj
 0001:00000e90       _alListAcquireLock@4       00401e90 f   allist.obj
 0001:00000f80       _alListCreate@4            00401f80 f   allist.obj
 0001:000010b0       _alListFree@4              004020b0 f   allist.obj
 0001:000011b0       _alListGetData@4           004021b0 f   allist.obj
 0001:00001230       _alListInitializeEntry@8   00402230 f   allist.obj
 0001:000012c0       _alListIteratorNext@4      004022c0 f   allist.obj
 0001:000013c0       _alListIteratorReset@4     004023c0 f   allist.obj
 0001:000014b0       _alListMatchData@8         004024b0 f   allist.obj
 0001:000015c0       _alListReleaseLock@4       004025c0 f   allist.obj
 0001:00001720       _alListRemoveEntry@8       00402720 f   allist.obj
 0001:00001990       _alIsBufferSafe@8          00402990 f   albuffer.obj
 0001:00001a00       _alGenBuffers              00402a00 f   albuffer.obj
 0001:00001c60       _alDeleteBuffers           00402c60 f   albuffer.obj
 0001:00001e70       _alIsBuffer                00402e70 f   albuffer.obj
 0001:00001ef0       _alBufferData              00402ef0 f   albuffer.obj
 0001:00002250       _alGetBufferf              00403250 f   albuffer.obj
 0001:00002340       _alGetBufferi              00403340 f   albuffer.obj
 0001:000024f0       _Releasebuffers@0          004034f0 f   albuffer.obj
 0001:000025f0       _CheckEAXSupport@0         004035f0 f   aleax.obj
 0001:00002990       _EAXGet@20                 00403990 f   aleax.obj
 0001:00002b10       _EAXSet@20                 00403b10 f   aleax.obj
 0001:00002c80       _alGetError                00403c80 f   alerror.obj
 0001:00002c90       _alIsExtensionPresent      00403c90 f   alextension.obj
 0001:00002e20       _alGetProcAddress          00403e20 f   alextension.obj
 0001:00002f90       _alGetEnumValue            00403f90 f   alextension.obj
 0001:00003100       _alListenerf               00404100 f   allistener.obj
 0001:000031f0       _alListener3f              004041f0 f   allistener.obj
 0001:00003320       _alListenerfv              00404320 f   allistener.obj
 0001:00003560       _alListeneri               00404560 f   allistener.obj
 0001:00003600       _alGetListenerf            00404600 f   allistener.obj
 0001:000036e0       _alGetListener3f           004046e0 f   allistener.obj
 0001:00003830       _alGetListenerfv           00404830 f   allistener.obj
 0001:00003a10       _alGetListeneri            00404a10 f   allistener.obj
 0001:00003ae0       _alIsSourceSafe@8          00404ae0 f   alsource.obj
 0001:00003b50       _alSourcePlaySafe@8        00404b50 f   alsource.obj
 0001:00003c30       _alSourcePauseSafe@8       00404c30 f   alsource.obj
 0001:00003c80       _alSourceStopSafe@8        00404c80 f   alsource.obj
 0001:00003d10       _alSourceRewindSafe@8      00404d10 f   alsource.obj
 0001:00003de0       _alGenSources              00404de0 f   alsource.obj
 0001:000041d0       _alDeleteSources           004051d0 f   alsource.obj
 0001:000044a0       _alIsSource                004054a0 f   alsource.obj
 0001:00004550       _alSourcef                 00405550 f   alsource.obj
 0001:000048f0       _alSourcefv                004058f0 f   alsource.obj
 0001:00004ac0       _alSource3f                00405ac0 f   alsource.obj
 0001:00004c70       _alSourcei                 00405c70 f   alsource.obj
 0001:00005150       _alGetSourcef              00406150 f   alsource.obj
 0001:000052b0       _alGetSource3f             004062b0 f   alsource.obj
 0001:00005430       _alGetSourcefv             00406430 f   alsource.obj
 0001:00005590       _alGetSourcei              00406590 f   alsource.obj
 0001:00005810       _alSourcePlay              00406810 f   alsource.obj
 0001:000058d0       _alSourcePlayv             004068d0 f   alsource.obj
 0001:00005a30       _alSourcePause             00406a30 f   alsource.obj
 0001:00005af0       _alSourcePausev            00406af0 f   alsource.obj
 0001:00005c50       _alSourceStop              00406c50 f   alsource.obj
 0001:00005d10       _alSourceStopv             00406d10 f   alsource.obj
 0001:00005e70       _alSourceRewind            00406e70 f   alsource.obj
 0001:00005f30       _alSourceRewindv           00406f30 f   alsource.obj
 0001:00006090       _alSourceQueueBuffers      00407090 f   alsource.obj
 0001:00006440       _alSourceUnqueueBuffers    00407440 f   alsource.obj
 0001:00006740       _alEnable                  00407740 f   alstate.obj
 0001:000067e0       _alDisable                 004077e0 f   alstate.obj
 0001:00006880       _alIsEnabled               00407880 f   alstate.obj
 0001:00006930       _alGetBoolean              00407930 f   alstate.obj
 0001:00006a70       _alGetDouble               00407a70 f   alstate.obj
 0001:00006b70       _alGetFloat                00407b70 f   alstate.obj
 0001:00006c60       _alGetInteger              00407c60 f   alstate.obj
 0001:00006d60       _alGetBooleanv             00407d60 f   alstate.obj
 0001:00006ed0       _alGetDoublev              00407ed0 f   alstate.obj
 0001:00007000       _alGetFloatv               00408000 f   alstate.obj
 0001:00007120       _alGetIntegerv             00408120 f   alstate.obj
 0001:00007250       _alGetString               00408250 f   alstate.obj
 0001:000073e0       _alDopplerFactor           004083e0 f   alstate.obj
 0001:000074b0       _alDopplerVelocity         004084b0 f   alstate.obj
 0001:00007580       _alDistanceModel           00408580 f   alstate.obj
 0001:00007660       _aluF2L                    00408660 f   alu.obj
 0001:00007680       _aluF2S                    00408680 f   alu.obj
 0001:000076d0       _aluCrossproduct           004086d0 f   alu.obj
 0001:00007730       _aluDotproduct             00408730 f   alu.obj
 0001:00007760       _aluNormalize              00408760 f   alu.obj
 0001:000077d0       _aluMatrixVector           004087d0 f   alu.obj
 0001:00007870       _aluCalculateSourceParameters 00408870 f   alu.obj
 0001:00008160       _aluMixData                00409160 f   alu.obj
 0001:00008ac0       _LinearGainToMB@4          00409ac0 f   alc.obj
 0001:00008b00       _ThreadProc@4              00409b00 f   alc.obj
 0001:00008c60       _alcInitContext@4          00409c60 f   alc.obj
 0001:00008d60       _alcExitContext@4          00409d60 f   alc.obj
 0001:00008e80       _TimerCallback@20          00409e80 f   alc.obj
 0001:00009900       _alcUpdateContext@12       0040a900 f   alc.obj
 0001:00009a10       _ProcessSource@8           0040aa10 f   alc.obj
 0001:00009d10       _UpdateSource@8            0040ad10 f   alc.obj
 0001:0000b6c0       _UpdateListener@4          0040c6c0 f   alc.obj
 0001:0000ba10       _EnumerateDevicesCallback  0040ca10 f   alc.obj
 0001:0000ba80       _FillOut3rdPartyFunctionTable@4 0040ca80 f   alc.obj
 0001:0000c540       _alcSuspendContext         0040d540 f   alc.obj
 0001:0000c5d0       _alcProcessContext         0040d5d0 f   alc.obj
 0001:0000c660       _alcGetError               0040d660 f   alc.obj
 0001:0000c770       _alcGetString              0040d770 f   alc.obj
 0001:0000c880       _alcGetIntegerv            0040d880 f   alc.obj
 0001:0000ca30       _alcCreateContext          0040da30 f   alc.obj
 0001:0000cb50       _alcDestroyContext         0040db50 f   alc.obj
 0001:0000cc40       _alcGetCurrentContext      0040dc40 f   alc.obj
 0001:0000cc50       _alcGetContextsDevice      0040dc50 f   alc.obj
 0001:0000cca0       _alcMakeContextCurrent     0040dca0 f   alc.obj
 0001:0000cd80       _alcOpenDevice             0040dd80 f   alc.obj
 0001:0000dfb0       __tcsicmp@8                0040efb0 f i alc.obj
 0001:0000e2e0       _alcCloseDevice            0040f2e0 f   alc.obj
 0001:0000e590       _alcEnumerateDevices       0040f590 f   alc.obj
 0001:0000ebc0       _alcIsExtensionPresent     0040fbc0 f   alc.obj
 0001:0000ec90       _alcGetProcAddress         0040fc90 f   alc.obj
 0001:0000ed60       _alcGetEnumValue           0040fd60 f   alc.obj
 0001:0000eda0       _DllMain@12                0040fda0 f   openal32.obj
 0001:0000ee00       __ftol                     0040fe00 f   msvcrt:msvcrt.dll
 0001:0000ee06       __CIsqrt                   0040fe06 f   msvcrt:msvcrt.dll
 0001:0000ee0c       __CIacos                   0040fe0c f   msvcrt:msvcrt.dll
 0001:0000ee12       __CIlog10                  0040fe12 f   msvcrt:msvcrt.dll
 0001:0000ee18       __IMPORT_DESCRIPTOR_msvcrt 0040fe18     msvcrt:msvcrt.dll
 0001:0000ee2c       __IMPORT_DESCRIPTOR_KERNEL32 0040fe2c     kernel32:KERNEL32.dll
 0001:0000ee40       __IMPORT_DESCRIPTOR_ole32  0040fe40     ole32:ole32.dll
 0001:0000ee54       __IMPORT_DESCRIPTOR_WINMM  0040fe54     winmm:WINMM.dll
 0001:0000ee68       __IMPORT_DESCRIPTOR_USER32 0040fe68     user32:USER32.dll
 0001:0000ee7c       __NULL_IMPORT_DESCRIPTOR   0040fe7c     msvcrt:msvcrt.dll
 0002:000bbb20       _alcContextList            004ccb20     alc.obj
 0002:000bbb24       _alcCurrentContext         004ccb24     alc.obj

 entry point at        0001:0000eda0

 Static symbols

 0001:0000dfd0       _alcDirectSoundProc@20     0040efd0 f   alc.obj
 0001:0000e240       _alcWaveOutProc@20         0040f240 f   alc.obj
