 ALut

 Timestamp is 3d7cdfe1 (Mon Sep 09 10:52:33 2002)

 Preferred load address is 00400000

 Start         Length     Name                   Class
 0001:00000000 00000048H .idata$5                CODE
 0001:00000050 00000094H .rdata                  CODE
 0001:000000e4 0000005cH .rdata$debug            CODE
 0001:00000140 0000046eH .text                   CODE
 0001:000005b0 0000003cH .idata$2                CODE
 0001:000005ec 00000014H .idata$3                CODE
 0001:00000600 00000048H .idata$4                CODE
 0001:00000648 00000110H .idata$6                CODE
 0001:00000760 000000a5H .edata                  CODE
 0002:00000000 00000058H .rsrc$01                DATA
 0002:00000060 00000328H .rsrc$02                DATA

  Address         Publics by Value              Rva+Base     Lib:Object

 0001:00000000       __imp__alcMakeContextCurrent 00401000     OpenAL32:OPENAL32.dll
 0001:00000004       __imp__alGetEnumValue      00401004     OpenAL32:OPENAL32.dll
 0001:00000008       __imp__alcGetCurrentContext 00401008     OpenAL32:OPENAL32.dll
 0001:0000000c       __imp__alcGetContextsDevice 0040100c     OpenAL32:OPENAL32.dll
 0001:00000010       __imp__alcDestroyContext   00401010     OpenAL32:OPENAL32.dll
 0001:00000014       __imp__alcCloseDevice      00401014     OpenAL32:OPENAL32.dll
 0001:00000018       __imp__alcOpenDevice       00401018     OpenAL32:OPENAL32.dll
 0001:0000001c       __imp__alcCreateContext    0040101c     OpenAL32:OPENAL32.dll
 0001:00000020       \177OPENAL32_NULL_THUNK_DATA 00401020     OpenAL32:OPENAL32.dll
 0001:00000024       __imp__mixerGetDevCapsA@12 00401024     winmm:WINMM.dll
 0001:00000028       \177WINMM_NULL_THUNK_DATA  00401028     winmm:WINMM.dll
 0001:0000002c       __imp__free                0040102c     msvcrt:msvcrt.dll
 0001:00000030       __imp__fopen               00401030     msvcrt:msvcrt.dll
 0001:00000034       __imp__fread               00401034     msvcrt:msvcrt.dll
 0001:00000038       __imp__fseek               00401038     msvcrt:msvcrt.dll
 0001:0000003c       __imp__malloc              0040103c     msvcrt:msvcrt.dll
 0001:00000040       __imp__fclose              00401040     msvcrt:msvcrt.dll
 0001:00000044       \177msvcrt_NULL_THUNK_DATA 00401044     msvcrt:msvcrt.dll
 0001:0000006c       ??_C@_0O@FMJMAKDE@DirectSound3D?$AA@ 0040106c     alut.obj
 0001:0000007c       ??_C@_04NDFKPBNI@smpl?$AA@ 0040107c     alut.obj
 0001:00000084       ??_C@_04PJOLNDGD@data?$AA@ 00401084     alut.obj
 0001:0000008c       ??_C@_04CAJPEBPP@fmt?5?$AA@ 0040108c     alut.obj
 0001:00000094       ??_C@_02JDPG@rb?$AA@       00401094     alut.obj
 0001:00000098       ??_C@_0BD@FDANDPBM@AL_FORMAT_STEREO16?$AA@ 00401098     alut.obj
 0001:000000ac       ??_C@_0BC@KANEACCC@AL_FORMAT_STEREO8?$AA@ 004010ac     alut.obj
 0001:000000c0       ??_C@_0BB@NALEELNF@AL_FORMAT_MONO16?$AA@ 004010c0     alut.obj
 0001:000000d4       ??_C@_0BA@MKCFAMDF@AL_FORMAT_MONO8?$AA@ 004010d4     alut.obj
 0001:00000140       _alutInit                  00401140 f   alut.obj
 0001:00000180       _alutExit                  00401180 f   alut.obj
 0001:000001aa       _alutLoadWAVFile           004011aa f   alut.obj
 0001:000003cf       _alutLoadWAVMemory         004013cf f   alut.obj
 0001:0000056a       _alutUnloadWAV             0040156a f   alut.obj
 0001:0000057e       _alcMakeContextCurrent     0040157e f   OpenAL32:OPENAL32.dll
 0001:00000584       _alcCreateContext          00401584 f   OpenAL32:OPENAL32.dll
 0001:0000058a       _alcOpenDevice             0040158a f   OpenAL32:OPENAL32.dll
 0001:00000590       _alcCloseDevice            00401590 f   OpenAL32:OPENAL32.dll
 0001:00000596       _alcDestroyContext         00401596 f   OpenAL32:OPENAL32.dll
 0001:0000059c       _alcGetContextsDevice      0040159c f   OpenAL32:OPENAL32.dll
 0001:000005a2       _alcGetCurrentContext      004015a2 f   OpenAL32:OPENAL32.dll
 0001:000005a8       _alGetEnumValue            004015a8 f   OpenAL32:OPENAL32.dll
 0001:000005b0       __IMPORT_DESCRIPTOR_msvcrt 004015b0     msvcrt:msvcrt.dll
 0001:000005c4       __IMPORT_DESCRIPTOR_WINMM  004015c4     winmm:WINMM.dll
 0001:000005d8       __IMPORT_DESCRIPTOR_OPENAL32 004015d8     OpenAL32:OPENAL32.dll
 0001:000005ec       __NULL_IMPORT_DESCRIPTOR   004015ec     msvcrt:msvcrt.dll

 entry point at        0000:00000000

 Static symbols

