 ALut

 Timestamp is 3d6c02ca (Tue Aug 27 15:52:58 2002)

 Preferred load address is 00400000

 Start         Length     Name                   Class
 0001:00000000 00000048H .idata$5                CODE
 0001:00000050 00000094H .rdata                  CODE
 0001:000000e4 00000056H .rdata$debug            CODE
 0001:00000140 00000658H .text                   CODE
 0001:00000798 0000003cH .idata$2                CODE
 0001:000007d4 00000014H .idata$3                CODE
 0001:000007e8 00000048H .idata$4                CODE
 0001:00000830 00000110H .idata$6                CODE
 0001:00000940 000000a5H .edata                  CODE
 0002:00000000 00000058H .rsrc$01                DATA
 0002:00000060 00000328H .rsrc$02                DATA

  Address         Publics by Value              Rva+Base     Lib:Object

 0001:00000000       __imp__alcMakeContextCurrent 00401000     OpenAL32:OPENAL32.dll
 0001:00000004       __imp__alGetEnumValue      00401004     OpenAL32:OPENAL32.dll
 0001:00000008       __imp__alcGetCurrentContext 00401008     OpenAL32:OPENAL32.dll
 0001:0000000c       __imp__alcGetContextsDevice 0040100c     OpenAL32:OPENAL32.dll
 0001:00000010       __imp__alcDestroyContext   00401010     OpenAL32:OPENAL32.dll
 0001:00000014       __imp__alcCloseDevice      00401014     OpenAL32:OPENAL32.dll
 0001:00000018       __imp__alcOpenDevice       00401018     OpenAL32:OPENAL32.dll
 0001:0000001c       __imp__alcCreateContext    0040101c     OpenAL32:OPENAL32.dll
 0001:00000020       \177OPENAL32_NULL_THUNK_DATA 00401020     OpenAL32:OPENAL32.dll
 0001:00000024       __imp__mixerGetDevCapsA@12 00401024     winmm:WINMM.dll
 0001:00000028       \177WINMM_NULL_THUNK_DATA  00401028     winmm:WINMM.dll
 0001:0000002c       __imp__free                0040102c     msvcrt:msvcrt.dll
 0001:00000030       __imp__fopen               00401030     msvcrt:msvcrt.dll
 0001:00000034       __imp__fread               00401034     msvcrt:msvcrt.dll
 0001:00000038       __imp__fseek               00401038     msvcrt:msvcrt.dll
 0001:0000003c       __imp__malloc              0040103c     msvcrt:msvcrt.dll
 0001:00000040       __imp__fclose              00401040     msvcrt:msvcrt.dll
 0001:00000044       \177msvcrt_NULL_THUNK_DATA 00401044     msvcrt:msvcrt.dll
 0001:0000006c       ??_C@_0O@FMJMAKDE@DirectSound3D?$AA@ 0040106c     alut.obj
 0001:0000007c       ??_C@_04NDFKPBNI@smpl?$AA@ 0040107c     alut.obj
 0001:00000084       ??_C@_04PJOLNDGD@data?$AA@ 00401084     alut.obj
 0001:0000008c       ??_C@_04CAJPEBPP@fmt?5?$AA@ 0040108c     alut.obj
 0001:00000094       ??_C@_02JDPG@rb?$AA@       00401094     alut.obj
 0001:00000098       ??_C@_0BD@FDANDPBM@AL_FORMAT_STEREO16?$AA@ 00401098     alut.obj
 0001:000000ac       ??_C@_0BC@KANEACCC@AL_FORMAT_STEREO8?$AA@ 004010ac     alut.obj
 0001:000000c0       ??_C@_0BB@NALEELNF@AL_FORMAT_MONO16?$AA@ 004010c0     alut.obj
 0001:000000d4       ??_C@_0BA@MKCFAMDF@AL_FORMAT_MONO8?$AA@ 004010d4     alut.obj
 0001:00000140       _alutInit                  00401140 f   alut.obj
 0001:000001a0       _alutExit                  004011a0 f   alut.obj
 0001:000001f0       _alutLoadWAVFile           004011f0 f   alut.obj
 0001:000004c0       _alutLoadWAVMemory         004014c0 f   alut.obj
 0001:00000750       _alutUnloadWAV             00401750 f   alut.obj
 0001:00000768       _alcMakeContextCurrent     00401768 f   OpenAL32:OPENAL32.dll
 0001:0000076e       _alcCreateContext          0040176e f   OpenAL32:OPENAL32.dll
 0001:00000774       _alcOpenDevice             00401774 f   OpenAL32:OPENAL32.dll
 0001:0000077a       _alcCloseDevice            0040177a f   OpenAL32:OPENAL32.dll
 0001:00000780       _alcDestroyContext         00401780 f   OpenAL32:OPENAL32.dll
 0001:00000786       _alcGetContextsDevice      00401786 f   OpenAL32:OPENAL32.dll
 0001:0000078c       _alcGetCurrentContext      0040178c f   OpenAL32:OPENAL32.dll
 0001:00000792       _alGetEnumValue            00401792 f   OpenAL32:OPENAL32.dll
 0001:00000798       __IMPORT_DESCRIPTOR_msvcrt 00401798     msvcrt:msvcrt.dll
 0001:000007ac       __IMPORT_DESCRIPTOR_WINMM  004017ac     winmm:WINMM.dll
 0001:000007c0       __IMPORT_DESCRIPTOR_OPENAL32 004017c0     OpenAL32:OPENAL32.dll
 0001:000007d4       __NULL_IMPORT_DESCRIPTOR   004017d4     msvcrt:msvcrt.dll

 entry point at        0000:00000000

 Static symbols

